root - 2021-08-20 00:15:29,730 - Url hitted
root - 2021-08-20 00:15:29,830 - login popup handled
root - 2021-08-20 00:15:30,007 - Search begins for iphone7
cassandra.cluster - 2021-08-20 00:15:32,211 - Downgrading core protocol version from 66 to 65 for 0b9d4643-a091-41bf-9058-8eb4f4b88812-us-east-1.db.astra.datastax.com:29042:f4fc5302-1b00-442b-82ad-71faa72f8b7b. To avoid this, it is best practice to explicitly set Cluster(protocol_version) to the version supported by your cluster. http://datastax.github.io/python-driver/api/cassandra/cluster.html#cassandra.cluster.Cluster.protocol_version
cassandra.cluster - 2021-08-20 00:15:33,815 - Downgrading core protocol version from 65 to 5 for 0b9d4643-a091-41bf-9058-8eb4f4b88812-us-east-1.db.astra.datastax.com:29042:f4fc5302-1b00-442b-82ad-71faa72f8b7b. To avoid this, it is best practice to explicitly set Cluster(protocol_version) to the version supported by your cluster. http://datastax.github.io/python-driver/api/cassandra/cluster.html#cassandra.cluster.Cluster.protocol_version
cassandra.connection - 2021-08-20 00:15:35,256 - Closing connection <AsyncoreConnection(2252675381760) 0b9d4643-a091-41bf-9058-8eb4f4b88812-us-east-1.db.astra.datastax.com:29042:f4fc5302-1b00-442b-82ad-71faa72f8b7b> due to protocol error: Error from server: code=000a [Protocol error] message="Beta version of the protocol used (5/v5-beta), but USE_BETA flag is unset"
cassandra.cluster - 2021-08-20 00:15:35,256 - Downgrading core protocol version from 5 to 4 for 0b9d4643-a091-41bf-9058-8eb4f4b88812-us-east-1.db.astra.datastax.com:29042:f4fc5302-1b00-442b-82ad-71faa72f8b7b. To avoid this, it is best practice to explicitly set Cluster(protocol_version) to the version supported by your cluster. http://datastax.github.io/python-driver/api/cassandra/cluster.html#cassandra.cluster.Cluster.protocol_version
cassandra.policies - 2021-08-20 00:15:38,377 - Using datacenter 'us-east-1' for DCAwareRoundRobinPolicy (via host '0b9d4643-a091-41bf-9058-8eb4f4b88812-us-east-1.db.astra.datastax.com:29042:f4fc5302-1b00-442b-82ad-71faa72f8b7b'); if incorrect, please specify a local_dc to the constructor, or limit contact points to local cluster nodes
cassandra.cluster - 2021-08-20 00:15:46,931 - Downgrading core protocol version from 66 to 65 for 0b9d4643-a091-41bf-9058-8eb4f4b88812-us-east-1.db.astra.datastax.com:29042:f4fc5302-1b00-442b-82ad-71faa72f8b7b. To avoid this, it is best practice to explicitly set Cluster(protocol_version) to the version supported by your cluster. http://datastax.github.io/python-driver/api/cassandra/cluster.html#cassandra.cluster.Cluster.protocol_version
cassandra.cluster - 2021-08-20 00:15:48,457 - Downgrading core protocol version from 65 to 5 for 0b9d4643-a091-41bf-9058-8eb4f4b88812-us-east-1.db.astra.datastax.com:29042:f4fc5302-1b00-442b-82ad-71faa72f8b7b. To avoid this, it is best practice to explicitly set Cluster(protocol_version) to the version supported by your cluster. http://datastax.github.io/python-driver/api/cassandra/cluster.html#cassandra.cluster.Cluster.protocol_version
cassandra.connection - 2021-08-20 00:15:49,997 - Closing connection <AsyncoreConnection(2252675801344) 0b9d4643-a091-41bf-9058-8eb4f4b88812-us-east-1.db.astra.datastax.com:29042:f4fc5302-1b00-442b-82ad-71faa72f8b7b> due to protocol error: Error from server: code=000a [Protocol error] message="Beta version of the protocol used (5/v5-beta), but USE_BETA flag is unset"
cassandra.cluster - 2021-08-20 00:15:49,997 - Downgrading core protocol version from 5 to 4 for 0b9d4643-a091-41bf-9058-8eb4f4b88812-us-east-1.db.astra.datastax.com:29042:f4fc5302-1b00-442b-82ad-71faa72f8b7b. To avoid this, it is best practice to explicitly set Cluster(protocol_version) to the version supported by your cluster. http://datastax.github.io/python-driver/api/cassandra/cluster.html#cassandra.cluster.Cluster.protocol_version
cassandra.policies - 2021-08-20 00:15:53,020 - Using datacenter 'us-east-1' for DCAwareRoundRobinPolicy (via host '0b9d4643-a091-41bf-9058-8eb4f4b88812-us-east-1.db.astra.datastax.com:29042:f4fc5302-1b00-442b-82ad-71faa72f8b7b'); if incorrect, please specify a local_dc to the constructor, or limit contact points to local cluster nodes
cassandra.cluster - 2021-08-20 00:15:58,695 - Downgrading core protocol version from 66 to 65 for 0b9d4643-a091-41bf-9058-8eb4f4b88812-us-east-1.db.astra.datastax.com:29042:7ec46f63-916e-4c5b-a7f3-d17ed1aa4aa9. To avoid this, it is best practice to explicitly set Cluster(protocol_version) to the version supported by your cluster. http://datastax.github.io/python-driver/api/cassandra/cluster.html#cassandra.cluster.Cluster.protocol_version
cassandra.cluster - 2021-08-20 00:16:00,166 - Downgrading core protocol version from 65 to 5 for 0b9d4643-a091-41bf-9058-8eb4f4b88812-us-east-1.db.astra.datastax.com:29042:7ec46f63-916e-4c5b-a7f3-d17ed1aa4aa9. To avoid this, it is best practice to explicitly set Cluster(protocol_version) to the version supported by your cluster. http://datastax.github.io/python-driver/api/cassandra/cluster.html#cassandra.cluster.Cluster.protocol_version
cassandra.connection - 2021-08-20 00:16:01,721 - Closing connection <AsyncoreConnection(2252676254496) 0b9d4643-a091-41bf-9058-8eb4f4b88812-us-east-1.db.astra.datastax.com:29042:7ec46f63-916e-4c5b-a7f3-d17ed1aa4aa9> due to protocol error: Error from server: code=000a [Protocol error] message="Beta version of the protocol used (5/v5-beta), but USE_BETA flag is unset"
cassandra.cluster - 2021-08-20 00:16:01,721 - Downgrading core protocol version from 5 to 4 for 0b9d4643-a091-41bf-9058-8eb4f4b88812-us-east-1.db.astra.datastax.com:29042:7ec46f63-916e-4c5b-a7f3-d17ed1aa4aa9. To avoid this, it is best practice to explicitly set Cluster(protocol_version) to the version supported by your cluster. http://datastax.github.io/python-driver/api/cassandra/cluster.html#cassandra.cluster.Cluster.protocol_version
cassandra.policies - 2021-08-20 00:16:04,693 - Using datacenter 'us-east-1' for DCAwareRoundRobinPolicy (via host '0b9d4643-a091-41bf-9058-8eb4f4b88812-us-east-1.db.astra.datastax.com:29042:7ec46f63-916e-4c5b-a7f3-d17ed1aa4aa9'); if incorrect, please specify a local_dc to the constructor, or limit contact points to local cluster nodes
root - 2021-08-20 00:16:11,121 - query was executed in iphone7 in keyspace data
root - 2021-08-20 00:16:11,126 - Data saved in scrapper file
werkzeug - 2021-08-20 00:16:11,133 - 127.0.0.1 - - [20/Aug/2021 00:16:11] "[37mPOST / HTTP/1.1[0m" 200 -
werkzeug - 2021-08-20 00:16:23,459 - 127.0.0.1 - - [20/Aug/2021 00:16:23] "[32mGET /graph HTTP/1.1[0m" 302 -
werkzeug - 2021-08-20 00:16:23,534 - 127.0.0.1 - - [20/Aug/2021 00:16:23] "[37mGET /a HTTP/1.1[0m" 200 -
root - 2021-08-20 00:18:21,175 - Url hitted
root - 2021-08-20 00:18:21,270 - login popup handled
root - 2021-08-20 00:18:21,462 - Search begins for iphone7
cassandra.cluster - 2021-08-20 00:18:23,622 - Downgrading core protocol version from 66 to 65 for 0b9d4643-a091-41bf-9058-8eb4f4b88812-us-east-1.db.astra.datastax.com:29042:f4fc5302-1b00-442b-82ad-71faa72f8b7b. To avoid this, it is best practice to explicitly set Cluster(protocol_version) to the version supported by your cluster. http://datastax.github.io/python-driver/api/cassandra/cluster.html#cassandra.cluster.Cluster.protocol_version
cassandra.cluster - 2021-08-20 00:18:25,144 - Downgrading core protocol version from 65 to 5 for 0b9d4643-a091-41bf-9058-8eb4f4b88812-us-east-1.db.astra.datastax.com:29042:f4fc5302-1b00-442b-82ad-71faa72f8b7b. To avoid this, it is best practice to explicitly set Cluster(protocol_version) to the version supported by your cluster. http://datastax.github.io/python-driver/api/cassandra/cluster.html#cassandra.cluster.Cluster.protocol_version
cassandra.connection - 2021-08-20 00:18:26,658 - Closing connection <AsyncoreConnection(2701231946240) 0b9d4643-a091-41bf-9058-8eb4f4b88812-us-east-1.db.astra.datastax.com:29042:f4fc5302-1b00-442b-82ad-71faa72f8b7b> due to protocol error: Error from server: code=000a [Protocol error] message="Beta version of the protocol used (5/v5-beta), but USE_BETA flag is unset"
cassandra.cluster - 2021-08-20 00:18:26,659 - Downgrading core protocol version from 5 to 4 for 0b9d4643-a091-41bf-9058-8eb4f4b88812-us-east-1.db.astra.datastax.com:29042:f4fc5302-1b00-442b-82ad-71faa72f8b7b. To avoid this, it is best practice to explicitly set Cluster(protocol_version) to the version supported by your cluster. http://datastax.github.io/python-driver/api/cassandra/cluster.html#cassandra.cluster.Cluster.protocol_version
cassandra.policies - 2021-08-20 00:18:29,762 - Using datacenter 'us-east-1' for DCAwareRoundRobinPolicy (via host '0b9d4643-a091-41bf-9058-8eb4f4b88812-us-east-1.db.astra.datastax.com:29042:f4fc5302-1b00-442b-82ad-71faa72f8b7b'); if incorrect, please specify a local_dc to the constructor, or limit contact points to local cluster nodes
cassandra.cluster - 2021-08-20 00:18:38,351 - Downgrading core protocol version from 66 to 65 for 0b9d4643-a091-41bf-9058-8eb4f4b88812-us-east-1.db.astra.datastax.com:29042:f4fc5302-1b00-442b-82ad-71faa72f8b7b. To avoid this, it is best practice to explicitly set Cluster(protocol_version) to the version supported by your cluster. http://datastax.github.io/python-driver/api/cassandra/cluster.html#cassandra.cluster.Cluster.protocol_version
cassandra.cluster - 2021-08-20 00:18:39,976 - Downgrading core protocol version from 65 to 5 for 0b9d4643-a091-41bf-9058-8eb4f4b88812-us-east-1.db.astra.datastax.com:29042:f4fc5302-1b00-442b-82ad-71faa72f8b7b. To avoid this, it is best practice to explicitly set Cluster(protocol_version) to the version supported by your cluster. http://datastax.github.io/python-driver/api/cassandra/cluster.html#cassandra.cluster.Cluster.protocol_version
cassandra.connection - 2021-08-20 00:18:41,422 - Closing connection <AsyncoreConnection(2701232365728) 0b9d4643-a091-41bf-9058-8eb4f4b88812-us-east-1.db.astra.datastax.com:29042:f4fc5302-1b00-442b-82ad-71faa72f8b7b> due to protocol error: Error from server: code=000a [Protocol error] message="Beta version of the protocol used (5/v5-beta), but USE_BETA flag is unset"
cassandra.cluster - 2021-08-20 00:18:41,422 - Downgrading core protocol version from 5 to 4 for 0b9d4643-a091-41bf-9058-8eb4f4b88812-us-east-1.db.astra.datastax.com:29042:f4fc5302-1b00-442b-82ad-71faa72f8b7b. To avoid this, it is best practice to explicitly set Cluster(protocol_version) to the version supported by your cluster. http://datastax.github.io/python-driver/api/cassandra/cluster.html#cassandra.cluster.Cluster.protocol_version
cassandra.policies - 2021-08-20 00:18:44,411 - Using datacenter 'us-east-1' for DCAwareRoundRobinPolicy (via host '0b9d4643-a091-41bf-9058-8eb4f4b88812-us-east-1.db.astra.datastax.com:29042:f4fc5302-1b00-442b-82ad-71faa72f8b7b'); if incorrect, please specify a local_dc to the constructor, or limit contact points to local cluster nodes
cassandra.cluster - 2021-08-20 00:18:50,066 - Downgrading core protocol version from 66 to 65 for 0b9d4643-a091-41bf-9058-8eb4f4b88812-us-east-1.db.astra.datastax.com:29042:87e57171-7a24-48d0-afef-ac3c97ae247d. To avoid this, it is best practice to explicitly set Cluster(protocol_version) to the version supported by your cluster. http://datastax.github.io/python-driver/api/cassandra/cluster.html#cassandra.cluster.Cluster.protocol_version
cassandra.cluster - 2021-08-20 00:18:51,514 - Downgrading core protocol version from 65 to 5 for 0b9d4643-a091-41bf-9058-8eb4f4b88812-us-east-1.db.astra.datastax.com:29042:87e57171-7a24-48d0-afef-ac3c97ae247d. To avoid this, it is best practice to explicitly set Cluster(protocol_version) to the version supported by your cluster. http://datastax.github.io/python-driver/api/cassandra/cluster.html#cassandra.cluster.Cluster.protocol_version
cassandra.connection - 2021-08-20 00:18:53,034 - Closing connection <AsyncoreConnection(2701232827120) 0b9d4643-a091-41bf-9058-8eb4f4b88812-us-east-1.db.astra.datastax.com:29042:87e57171-7a24-48d0-afef-ac3c97ae247d> due to protocol error: Error from server: code=000a [Protocol error] message="Beta version of the protocol used (5/v5-beta), but USE_BETA flag is unset"
cassandra.cluster - 2021-08-20 00:18:53,035 - Downgrading core protocol version from 5 to 4 for 0b9d4643-a091-41bf-9058-8eb4f4b88812-us-east-1.db.astra.datastax.com:29042:87e57171-7a24-48d0-afef-ac3c97ae247d. To avoid this, it is best practice to explicitly set Cluster(protocol_version) to the version supported by your cluster. http://datastax.github.io/python-driver/api/cassandra/cluster.html#cassandra.cluster.Cluster.protocol_version
cassandra.policies - 2021-08-20 00:18:56,067 - Using datacenter 'us-east-1' for DCAwareRoundRobinPolicy (via host '0b9d4643-a091-41bf-9058-8eb4f4b88812-us-east-1.db.astra.datastax.com:29042:87e57171-7a24-48d0-afef-ac3c97ae247d'); if incorrect, please specify a local_dc to the constructor, or limit contact points to local cluster nodes
root - 2021-08-20 00:19:02,486 - query was executed in iphone7 in keyspace data
root - 2021-08-20 00:19:02,488 - data saved in scrapper file
werkzeug - 2021-08-20 00:19:02,490 - 127.0.0.1 - - [20/Aug/2021 00:19:02] "[32mPOST / HTTP/1.1[0m" 302 -
werkzeug - 2021-08-20 00:19:02,510 - 127.0.0.1 - - [20/Aug/2021 00:19:02] "[37mGET /feedback HTTP/1.1[0m" 200 -
cassandra.cluster - 2021-08-20 00:19:07,795 - Downgrading core protocol version from 66 to 65 for 0b9d4643-a091-41bf-9058-8eb4f4b88812-us-east-1.db.astra.datastax.com:29042:f4fc5302-1b00-442b-82ad-71faa72f8b7b. To avoid this, it is best practice to explicitly set Cluster(protocol_version) to the version supported by your cluster. http://datastax.github.io/python-driver/api/cassandra/cluster.html#cassandra.cluster.Cluster.protocol_version
cassandra.cluster - 2021-08-20 00:19:09,325 - Downgrading core protocol version from 65 to 5 for 0b9d4643-a091-41bf-9058-8eb4f4b88812-us-east-1.db.astra.datastax.com:29042:f4fc5302-1b00-442b-82ad-71faa72f8b7b. To avoid this, it is best practice to explicitly set Cluster(protocol_version) to the version supported by your cluster. http://datastax.github.io/python-driver/api/cassandra/cluster.html#cassandra.cluster.Cluster.protocol_version
cassandra.connection - 2021-08-20 00:19:10,834 - Closing connection <AsyncoreConnection(2701233308624) 0b9d4643-a091-41bf-9058-8eb4f4b88812-us-east-1.db.astra.datastax.com:29042:f4fc5302-1b00-442b-82ad-71faa72f8b7b> due to protocol error: Error from server: code=000a [Protocol error] message="Beta version of the protocol used (5/v5-beta), but USE_BETA flag is unset"
cassandra.cluster - 2021-08-20 00:19:10,834 - Downgrading core protocol version from 5 to 4 for 0b9d4643-a091-41bf-9058-8eb4f4b88812-us-east-1.db.astra.datastax.com:29042:f4fc5302-1b00-442b-82ad-71faa72f8b7b. To avoid this, it is best practice to explicitly set Cluster(protocol_version) to the version supported by your cluster. http://datastax.github.io/python-driver/api/cassandra/cluster.html#cassandra.cluster.Cluster.protocol_version
werkzeug - 2021-08-20 00:19:12,661 - 127.0.0.1 - - [20/Aug/2021 00:19:12] "[37mGET /feedback HTTP/1.1[0m" 200 -
cassandra.policies - 2021-08-20 00:19:13,891 - Using datacenter 'us-east-1' for DCAwareRoundRobinPolicy (via host '0b9d4643-a091-41bf-9058-8eb4f4b88812-us-east-1.db.astra.datastax.com:29042:f4fc5302-1b00-442b-82ad-71faa72f8b7b'); if incorrect, please specify a local_dc to the constructor, or limit contact points to local cluster nodes
cassandra.cluster - 2021-08-20 00:19:19,599 - Downgrading core protocol version from 66 to 65 for 0b9d4643-a091-41bf-9058-8eb4f4b88812-us-east-1.db.astra.datastax.com:29042:f4fc5302-1b00-442b-82ad-71faa72f8b7b. To avoid this, it is best practice to explicitly set Cluster(protocol_version) to the version supported by your cluster. http://datastax.github.io/python-driver/api/cassandra/cluster.html#cassandra.cluster.Cluster.protocol_version
cassandra.cluster - 2021-08-20 00:19:21,048 - Downgrading core protocol version from 65 to 5 for 0b9d4643-a091-41bf-9058-8eb4f4b88812-us-east-1.db.astra.datastax.com:29042:f4fc5302-1b00-442b-82ad-71faa72f8b7b. To avoid this, it is best practice to explicitly set Cluster(protocol_version) to the version supported by your cluster. http://datastax.github.io/python-driver/api/cassandra/cluster.html#cassandra.cluster.Cluster.protocol_version
cassandra.connection - 2021-08-20 00:19:22,579 - Closing connection <AsyncoreConnection(2701234242512) 0b9d4643-a091-41bf-9058-8eb4f4b88812-us-east-1.db.astra.datastax.com:29042:f4fc5302-1b00-442b-82ad-71faa72f8b7b> due to protocol error: Error from server: code=000a [Protocol error] message="Beta version of the protocol used (5/v5-beta), but USE_BETA flag is unset"
cassandra.cluster - 2021-08-20 00:19:22,579 - Downgrading core protocol version from 5 to 4 for 0b9d4643-a091-41bf-9058-8eb4f4b88812-us-east-1.db.astra.datastax.com:29042:f4fc5302-1b00-442b-82ad-71faa72f8b7b. To avoid this, it is best practice to explicitly set Cluster(protocol_version) to the version supported by your cluster. http://datastax.github.io/python-driver/api/cassandra/cluster.html#cassandra.cluster.Cluster.protocol_version
werkzeug - 2021-08-20 00:19:22,743 - 127.0.0.1 - - [20/Aug/2021 00:19:22] "[37mGET /feedback HTTP/1.1[0m" 200 -
cassandra.policies - 2021-08-20 00:19:25,645 - Using datacenter 'us-east-1' for DCAwareRoundRobinPolicy (via host '0b9d4643-a091-41bf-9058-8eb4f4b88812-us-east-1.db.astra.datastax.com:29042:f4fc5302-1b00-442b-82ad-71faa72f8b7b'); if incorrect, please specify a local_dc to the constructor, or limit contact points to local cluster nodes
root - 2021-08-20 00:19:32,172 - query was executed in iphone7 in keyspace data
werkzeug - 2021-08-20 00:19:32,834 - 127.0.0.1 - - [20/Aug/2021 00:19:32] "[37mGET /feedback HTTP/1.1[0m" 200 -
cassandra.cluster - 2021-08-20 00:19:35,752 - Downgrading core protocol version from 66 to 65 for 0b9d4643-a091-41bf-9058-8eb4f4b88812-us-east-1.db.astra.datastax.com:29042:87e57171-7a24-48d0-afef-ac3c97ae247d. To avoid this, it is best practice to explicitly set Cluster(protocol_version) to the version supported by your cluster. http://datastax.github.io/python-driver/api/cassandra/cluster.html#cassandra.cluster.Cluster.protocol_version
cassandra.cluster - 2021-08-20 00:19:37,280 - Downgrading core protocol version from 65 to 5 for 0b9d4643-a091-41bf-9058-8eb4f4b88812-us-east-1.db.astra.datastax.com:29042:87e57171-7a24-48d0-afef-ac3c97ae247d. To avoid this, it is best practice to explicitly set Cluster(protocol_version) to the version supported by your cluster. http://datastax.github.io/python-driver/api/cassandra/cluster.html#cassandra.cluster.Cluster.protocol_version
cassandra.connection - 2021-08-20 00:19:38,817 - Closing connection <AsyncoreConnection(2701234364272) 0b9d4643-a091-41bf-9058-8eb4f4b88812-us-east-1.db.astra.datastax.com:29042:87e57171-7a24-48d0-afef-ac3c97ae247d> due to protocol error: Error from server: code=000a [Protocol error] message="Beta version of the protocol used (5/v5-beta), but USE_BETA flag is unset"
cassandra.cluster - 2021-08-20 00:19:38,817 - Downgrading core protocol version from 5 to 4 for 0b9d4643-a091-41bf-9058-8eb4f4b88812-us-east-1.db.astra.datastax.com:29042:87e57171-7a24-48d0-afef-ac3c97ae247d. To avoid this, it is best practice to explicitly set Cluster(protocol_version) to the version supported by your cluster. http://datastax.github.io/python-driver/api/cassandra/cluster.html#cassandra.cluster.Cluster.protocol_version
cassandra.policies - 2021-08-20 00:19:41,874 - Using datacenter 'us-east-1' for DCAwareRoundRobinPolicy (via host '0b9d4643-a091-41bf-9058-8eb4f4b88812-us-east-1.db.astra.datastax.com:29042:87e57171-7a24-48d0-afef-ac3c97ae247d'); if incorrect, please specify a local_dc to the constructor, or limit contact points to local cluster nodes
werkzeug - 2021-08-20 00:19:42,934 - 127.0.0.1 - - [20/Aug/2021 00:19:42] "[37mGET /feedback HTTP/1.1[0m" 200 -
cassandra.cluster - 2021-08-20 00:19:47,449 - Downgrading core protocol version from 66 to 65 for 0b9d4643-a091-41bf-9058-8eb4f4b88812-us-east-1.db.astra.datastax.com:29042:87e57171-7a24-48d0-afef-ac3c97ae247d. To avoid this, it is best practice to explicitly set Cluster(protocol_version) to the version supported by your cluster. http://datastax.github.io/python-driver/api/cassandra/cluster.html#cassandra.cluster.Cluster.protocol_version
cassandra.cluster - 2021-08-20 00:19:48,898 - Downgrading core protocol version from 65 to 5 for 0b9d4643-a091-41bf-9058-8eb4f4b88812-us-east-1.db.astra.datastax.com:29042:87e57171-7a24-48d0-afef-ac3c97ae247d. To avoid this, it is best practice to explicitly set Cluster(protocol_version) to the version supported by your cluster. http://datastax.github.io/python-driver/api/cassandra/cluster.html#cassandra.cluster.Cluster.protocol_version
cassandra.connection - 2021-08-20 00:19:50,424 - Closing connection <AsyncoreConnection(2701235928848) 0b9d4643-a091-41bf-9058-8eb4f4b88812-us-east-1.db.astra.datastax.com:29042:87e57171-7a24-48d0-afef-ac3c97ae247d> due to protocol error: Error from server: code=000a [Protocol error] message="Beta version of the protocol used (5/v5-beta), but USE_BETA flag is unset"
cassandra.cluster - 2021-08-20 00:19:50,425 - Downgrading core protocol version from 5 to 4 for 0b9d4643-a091-41bf-9058-8eb4f4b88812-us-east-1.db.astra.datastax.com:29042:87e57171-7a24-48d0-afef-ac3c97ae247d. To avoid this, it is best practice to explicitly set Cluster(protocol_version) to the version supported by your cluster. http://datastax.github.io/python-driver/api/cassandra/cluster.html#cassandra.cluster.Cluster.protocol_version
werkzeug - 2021-08-20 00:19:51,185 - 127.0.0.1 - - [20/Aug/2021 00:19:51] "[32mGET /graph HTTP/1.1[0m" 302 -
werkzeug - 2021-08-20 00:19:51,281 - 127.0.0.1 - - [20/Aug/2021 00:19:51] "[37mGET /a HTTP/1.1[0m" 200 -
werkzeug - 2021-08-20 00:19:53,010 - 127.0.0.1 - - [20/Aug/2021 00:19:53] "[37mGET /feedback HTTP/1.1[0m" 200 -
cassandra.policies - 2021-08-20 00:19:53,582 - Using datacenter 'us-east-1' for DCAwareRoundRobinPolicy (via host '0b9d4643-a091-41bf-9058-8eb4f4b88812-us-east-1.db.astra.datastax.com:29042:87e57171-7a24-48d0-afef-ac3c97ae247d'); if incorrect, please specify a local_dc to the constructor, or limit contact points to local cluster nodes
root - 2021-08-20 00:19:59,796 - query was executed in iphone7 in keyspace data
werkzeug - 2021-08-20 00:20:03,101 - 127.0.0.1 - - [20/Aug/2021 00:20:03] "[37mGET /feedback HTTP/1.1[0m" 200 -
cassandra.cluster - 2021-08-20 00:20:03,555 - Downgrading core protocol version from 66 to 65 for 0b9d4643-a091-41bf-9058-8eb4f4b88812-us-east-1.db.astra.datastax.com:29042:f4fc5302-1b00-442b-82ad-71faa72f8b7b. To avoid this, it is best practice to explicitly set Cluster(protocol_version) to the version supported by your cluster. http://datastax.github.io/python-driver/api/cassandra/cluster.html#cassandra.cluster.Cluster.protocol_version
cassandra.cluster - 2021-08-20 00:20:05,075 - Downgrading core protocol version from 65 to 5 for 0b9d4643-a091-41bf-9058-8eb4f4b88812-us-east-1.db.astra.datastax.com:29042:f4fc5302-1b00-442b-82ad-71faa72f8b7b. To avoid this, it is best practice to explicitly set Cluster(protocol_version) to the version supported by your cluster. http://datastax.github.io/python-driver/api/cassandra/cluster.html#cassandra.cluster.Cluster.protocol_version
cassandra.connection - 2021-08-20 00:20:06,618 - Closing connection <AsyncoreConnection(2701237557904) 0b9d4643-a091-41bf-9058-8eb4f4b88812-us-east-1.db.astra.datastax.com:29042:f4fc5302-1b00-442b-82ad-71faa72f8b7b> due to protocol error: Error from server: code=000a [Protocol error] message="Beta version of the protocol used (5/v5-beta), but USE_BETA flag is unset"
cassandra.cluster - 2021-08-20 00:20:06,618 - Downgrading core protocol version from 5 to 4 for 0b9d4643-a091-41bf-9058-8eb4f4b88812-us-east-1.db.astra.datastax.com:29042:f4fc5302-1b00-442b-82ad-71faa72f8b7b. To avoid this, it is best practice to explicitly set Cluster(protocol_version) to the version supported by your cluster. http://datastax.github.io/python-driver/api/cassandra/cluster.html#cassandra.cluster.Cluster.protocol_version
cassandra.policies - 2021-08-20 00:20:09,581 - Using datacenter 'us-east-1' for DCAwareRoundRobinPolicy (via host '0b9d4643-a091-41bf-9058-8eb4f4b88812-us-east-1.db.astra.datastax.com:29042:f4fc5302-1b00-442b-82ad-71faa72f8b7b'); if incorrect, please specify a local_dc to the constructor, or limit contact points to local cluster nodes
werkzeug - 2021-08-20 00:20:13,187 - 127.0.0.1 - - [20/Aug/2021 00:20:13] "[37mGET /feedback HTTP/1.1[0m" 200 -
cassandra.cluster - 2021-08-20 00:20:15,271 - Downgrading core protocol version from 66 to 65 for 0b9d4643-a091-41bf-9058-8eb4f4b88812-us-east-1.db.astra.datastax.com:29042:87e57171-7a24-48d0-afef-ac3c97ae247d. To avoid this, it is best practice to explicitly set Cluster(protocol_version) to the version supported by your cluster. http://datastax.github.io/python-driver/api/cassandra/cluster.html#cassandra.cluster.Cluster.protocol_version
cassandra.cluster - 2021-08-20 00:20:16,674 - Downgrading core protocol version from 65 to 5 for 0b9d4643-a091-41bf-9058-8eb4f4b88812-us-east-1.db.astra.datastax.com:29042:87e57171-7a24-48d0-afef-ac3c97ae247d. To avoid this, it is best practice to explicitly set Cluster(protocol_version) to the version supported by your cluster. http://datastax.github.io/python-driver/api/cassandra/cluster.html#cassandra.cluster.Cluster.protocol_version
cassandra.connection - 2021-08-20 00:20:18,174 - Closing connection <AsyncoreConnection(2701236229936) 0b9d4643-a091-41bf-9058-8eb4f4b88812-us-east-1.db.astra.datastax.com:29042:87e57171-7a24-48d0-afef-ac3c97ae247d> due to protocol error: Error from server: code=000a [Protocol error] message="Beta version of the protocol used (5/v5-beta), but USE_BETA flag is unset"
cassandra.cluster - 2021-08-20 00:20:18,174 - Downgrading core protocol version from 5 to 4 for 0b9d4643-a091-41bf-9058-8eb4f4b88812-us-east-1.db.astra.datastax.com:29042:87e57171-7a24-48d0-afef-ac3c97ae247d. To avoid this, it is best practice to explicitly set Cluster(protocol_version) to the version supported by your cluster. http://datastax.github.io/python-driver/api/cassandra/cluster.html#cassandra.cluster.Cluster.protocol_version
cassandra.policies - 2021-08-20 00:20:21,256 - Using datacenter 'us-east-1' for DCAwareRoundRobinPolicy (via host '0b9d4643-a091-41bf-9058-8eb4f4b88812-us-east-1.db.astra.datastax.com:29042:87e57171-7a24-48d0-afef-ac3c97ae247d'); if incorrect, please specify a local_dc to the constructor, or limit contact points to local cluster nodes
werkzeug - 2021-08-20 00:20:23,284 - 127.0.0.1 - - [20/Aug/2021 00:20:23] "[37mGET /feedback HTTP/1.1[0m" 200 -
root - 2021-08-20 00:20:27,588 - record inserted into table iphone7 in keyspace data
root - 2021-08-20 00:20:27,590 - Thread run completed
WDM - 2021-08-20 00:20:33,373 - ====== WebDriver manager ======
WDM - 2021-08-20 00:20:33,401 - Current google-chrome version is 92.0.4515
WDM - 2021-08-20 00:20:33,401 - Get LATEST driver version for 92.0.4515
WDM - 2021-08-20 00:20:33,522 - Driver [C:\Users\jayar\.wdm\drivers\chromedriver\win32\92.0.4515.107\chromedriver.exe] found in cache
cassandra.cluster - 2021-08-20 00:20:37,540 - Downgrading core protocol version from 66 to 65 for 0b9d4643-a091-41bf-9058-8eb4f4b88812-us-east-1.db.astra.datastax.com:29042:87e57171-7a24-48d0-afef-ac3c97ae247d. To avoid this, it is best practice to explicitly set Cluster(protocol_version) to the version supported by your cluster. http://datastax.github.io/python-driver/api/cassandra/cluster.html#cassandra.cluster.Cluster.protocol_version
cassandra.cluster - 2021-08-20 00:20:39,036 - Downgrading core protocol version from 65 to 5 for 0b9d4643-a091-41bf-9058-8eb4f4b88812-us-east-1.db.astra.datastax.com:29042:87e57171-7a24-48d0-afef-ac3c97ae247d. To avoid this, it is best practice to explicitly set Cluster(protocol_version) to the version supported by your cluster. http://datastax.github.io/python-driver/api/cassandra/cluster.html#cassandra.cluster.Cluster.protocol_version
cassandra.connection - 2021-08-20 00:20:40,560 - Closing connection <AsyncoreConnection(2701233628496) 0b9d4643-a091-41bf-9058-8eb4f4b88812-us-east-1.db.astra.datastax.com:29042:87e57171-7a24-48d0-afef-ac3c97ae247d> due to protocol error: Error from server: code=000a [Protocol error] message="Beta version of the protocol used (5/v5-beta), but USE_BETA flag is unset"
cassandra.cluster - 2021-08-20 00:20:40,560 - Downgrading core protocol version from 5 to 4 for 0b9d4643-a091-41bf-9058-8eb4f4b88812-us-east-1.db.astra.datastax.com:29042:87e57171-7a24-48d0-afef-ac3c97ae247d. To avoid this, it is best practice to explicitly set Cluster(protocol_version) to the version supported by your cluster. http://datastax.github.io/python-driver/api/cassandra/cluster.html#cassandra.cluster.Cluster.protocol_version
cassandra.policies - 2021-08-20 00:20:43,570 - Using datacenter 'us-east-1' for DCAwareRoundRobinPolicy (via host '0b9d4643-a091-41bf-9058-8eb4f4b88812-us-east-1.db.astra.datastax.com:29042:87e57171-7a24-48d0-afef-ac3c97ae247d'); if incorrect, please specify a local_dc to the constructor, or limit contact points to local cluster nodes
cassandra.cluster - 2021-08-20 00:20:49,181 - Downgrading core protocol version from 66 to 65 for 0b9d4643-a091-41bf-9058-8eb4f4b88812-us-east-1.db.astra.datastax.com:29042:7ec46f63-916e-4c5b-a7f3-d17ed1aa4aa9. To avoid this, it is best practice to explicitly set Cluster(protocol_version) to the version supported by your cluster. http://datastax.github.io/python-driver/api/cassandra/cluster.html#cassandra.cluster.Cluster.protocol_version
cassandra.cluster - 2021-08-20 00:20:50,621 - Downgrading core protocol version from 65 to 5 for 0b9d4643-a091-41bf-9058-8eb4f4b88812-us-east-1.db.astra.datastax.com:29042:7ec46f63-916e-4c5b-a7f3-d17ed1aa4aa9. To avoid this, it is best practice to explicitly set Cluster(protocol_version) to the version supported by your cluster. http://datastax.github.io/python-driver/api/cassandra/cluster.html#cassandra.cluster.Cluster.protocol_version
cassandra.connection - 2021-08-20 00:20:52,156 - Closing connection <AsyncoreConnection(2701241583312) 0b9d4643-a091-41bf-9058-8eb4f4b88812-us-east-1.db.astra.datastax.com:29042:7ec46f63-916e-4c5b-a7f3-d17ed1aa4aa9> due to protocol error: Error from server: code=000a [Protocol error] message="Beta version of the protocol used (5/v5-beta), but USE_BETA flag is unset"
cassandra.cluster - 2021-08-20 00:20:52,156 - Downgrading core protocol version from 5 to 4 for 0b9d4643-a091-41bf-9058-8eb4f4b88812-us-east-1.db.astra.datastax.com:29042:7ec46f63-916e-4c5b-a7f3-d17ed1aa4aa9. To avoid this, it is best practice to explicitly set Cluster(protocol_version) to the version supported by your cluster. http://datastax.github.io/python-driver/api/cassandra/cluster.html#cassandra.cluster.Cluster.protocol_version
cassandra.policies - 2021-08-20 00:20:55,160 - Using datacenter 'us-east-1' for DCAwareRoundRobinPolicy (via host '0b9d4643-a091-41bf-9058-8eb4f4b88812-us-east-1.db.astra.datastax.com:29042:7ec46f63-916e-4c5b-a7f3-d17ed1aa4aa9'); if incorrect, please specify a local_dc to the constructor, or limit contact points to local cluster nodes
root - 2021-08-20 00:21:01,433 - query was executed in iphone7 in keyspace data
werkzeug - 2021-08-20 00:21:01,438 - 127.0.0.1 - - [20/Aug/2021 00:21:01] "[37mGET /feedback HTTP/1.1[0m" 200 -
werkzeug - 2021-08-20 00:22:09,569 - 127.0.0.1 - - [20/Aug/2021 00:22:09] "[32mGET /graph HTTP/1.1[0m" 302 -
werkzeug - 2021-08-20 00:22:11,711 - 127.0.0.1 - - [20/Aug/2021 00:22:11] "[37mGET /a HTTP/1.1[0m" 200 -
